// Jest Snapshot v1, https://goo.gl/fbAQLP

exports[`DigitalClock Renders as expected 1`] = `
<div
  className="digital-clock"
>
   
  3:27:57 PM
   
</div>
`;
