// Jest Snapshot v1, https://goo.gl/fbAQLP

exports[`ForecastDetails renders correctly 1`] = `
<DocumentFragment>
  <div
    class="forecast-details"
    data-testid="forecast-details"
  >
    <div
      class="forecast-details__date"
    >
      Mon 30th Apr
    </div>
    <div
      class="forecast-details__temperature-max"
    >
      Max temperature: 22°C
    </div>
    <div
      class="forecast-details__temperature-min"
    >
      Min temperature: 12°C
    </div>
    <div
      class="forecast-details__humidity"
    >
      Humidity: 50
    </div>
    <div
      class="forecast-details__wind"
    >
      Wind: 8mph
    </div>
  </div>
</DocumentFragment>
`;
